// Jest Snapshot v1, https://goo.gl/fbAQLP

exports[`App component content testing App component snapshot testing 1`] = `
<DocumentFragment>
  <div
    class="container main-wrapper"
  >
    <div
      class="mx-auto w-75 my-4"
    >
      <h1
        class="text-center mb-1"
      >
        Our Products
      </h1>
      <p
        class="text-center"
      >
        Our cloud-based and on-premises solutions deliver measurable financial and clinical results for healthcare organizations of all shapes and sizes. That's why our top-performing clients are beating industry becnmarks across the board.
      </p>
    </div>
    <div
      class="row custom-row"
    >
      <div
        class="col-sm-12 col-md-6"
      >
        <div
          class="left-section mb-0 mb-3"
        >
          <div
            class="banner-wrapper"
          >
            <h4>
              Electronic Heath Records
            </h4>
            <p
              class="mt-2 mb-2 text-white"
            >
              All your patient data organized and available so you can be entirely in the moment of care.
            </p>
            <a
              class="text-decoration-none"
              href="https://www.google.com/"
              rel="noreferrer"
              target="_blank"
            >
              <span
                class="highligtContent"
              >
                Streamline documentation
              </span>
            </a>
          </div>
        </div>
      </div>
      <div
        class="col-sm-12 col-md-6 right-section"
      >
        <div
          class="row custom-row"
        >
          <div
            class="col-sm-6"
          >
            <div
              class="card card-wrapper box-shadow h-100"
            >
              <a
                class="text-decoration-none"
                href="https://www.cybage.com/"
                rel="noreferrer"
                target="_blank"
              >
                <div
                  class="card-body text-center"
                >
                  <h3
                    class="subheading"
                  >
                    MEDICAL BILLING
                  </h3>
                  <p
                    class="mb-1"
                  >
                    Cure your billing woes with an automated claims process that measurably improves collections.
                  </p>
                  <span
                    class="highligtContent"
                  >
                    Get paid faster
                  </span>
                </div>
              </a>
            </div>
          </div>
          <div
            class="col-sm-6"
          >
            <div
              class="card card-wrapper box-shadow h-100"
            >
              <a
                class="text-decoration-none"
                href="https://getbootstrap.com/"
                rel="noreferrer"
                target="_blank"
              >
                <div
                  class="card-body text-center"
                >
                  <h3
                    class="subheading"
                  >
                    PATIENT ENGAGEMENT
                  </h3>
                  <p
                    class="mb-1"
                  >
                    Reduce no-shows and stay connected through every stage of there visit with our robust patient portal.
                  </p>
                  <span
                    class="highligtContent"
                  >
                    Stay connected
                  </span>
                </div>
              </a>
            </div>
          </div>
          <div
            class="col-sm-6"
          >
            <div
              class="card card-wrapper box-shadow h-100"
            >
              <a
                class="text-decoration-none"
                href="https://getbootstrap.com/"
                rel="noreferrer"
                target="_blank"
              >
                <div
                  class="card-body text-center"
                >
                  <h3
                    class="subheading"
                  >
                    CARE COORDINATION
                  </h3>
                  <p
                    class="mb-1"
                  >
                    Share secure data and collaborate with internal and external care teams more easily.
                  </p>
                  <span
                    class="highligtContent"
                  >
                    Coordinate seamlessly
                  </span>
                </div>
              </a>
            </div>
          </div>
          <div
            class="col-sm-6"
          >
            <div
              class="card card-wrapper box-shadow h-100"
            >
              <a
                class="text-decoration-none"
                href="https://www.google.com/"
                rel="noreferrer"
                target="_blank"
              >
                <div
                  class="card-body text-center"
                >
                  <h3
                    class="subheading"
                  >
                    MOBILE CAPABILITIES
                  </h3>
                  <p
                    class="mb-1"
                  >
                    Access medical information and take action on urgent taks anywhere, anytime from your mobile device.
                  </p>
                  <span
                    class="highligtContent"
                  >
                    Pratice On-the-go
                  </span>
                </div>
              </a>
            </div>
          </div>
        </div>
      </div>
    </div>
    <div
      class="row custom-row mt-3"
    >
      <div
        class="col-sm-12 col-md-6 mb-0 mb-3"
      >
        <a
          class="d-flex justify-content-center p-4 bg-white text-decoration-none box-shadow subheading"
          role="button"
        >
          POPULATION HEALTH
        </a>
      </div>
      <div
        class="col-sm-12 col-md-6 mb-0 mb-3"
      >
        <a
          class="d-flex justify-content-center p-4 bg-white text-decoration-none box-shadow subheading"
          role="button"
        >
          EPOCRATES
          <sup
            class="trademark"
          >
            Â®
          </sup>
        </a>
      </div>
    </div>
  </div>
</DocumentFragment>
`;
